// Jest Snapshot v1, https://goo.gl/fbAQLP

exports[`Index should render correctly 1`] = `
<div>
  <h1>
    Web
  </h1>
  <Button />
</div>
`;
